[templates.hibootstrap.com/jeel/default/index-2.html]
[templates.hibootstrap.com/jeel/default/assets/css/bootstrap.min.css]
[templates.hibootstrap.com/jeel/default/assets/css/meanmenu.css]
[templates.hibootstrap.com/jeel/default/assets/css/boxicons.min.css]
[templates.hibootstrap.com/jeel/default/assets/css/animate.min.css]
[templates.hibootstrap.com/jeel/default/assets/css/owl.carousel.min.css]
[templates.hibootstrap.com/jeel/default/assets/css/owl.theme.default.min.css]
[templates.hibootstrap.com/jeel/default/assets/css/modal-video.min.css]
[templates.hibootstrap.com/jeel/default/assets/css/odometer.min.css]
[templates.hibootstrap.com/jeel/default/assets/css/settings.css]
[templates.hibootstrap.com/jeel/default/assets/css/layers.css]
[templates.hibootstrap.com/jeel/default/assets/css/navigation.css]
[templates.hibootstrap.com/jeel/default/assets/css/nice-select.min.css]
[templates.hibootstrap.com/jeel/default/assets/css/style.css]
[templates.hibootstrap.com/jeel/default/assets/css/responsive.css]
[backblue.gif]
[fade.gif]
[index.html]
[templates.hibootstrap.com/jeel/default/assets/css/theme-dark.css]
[templates.hibootstrap.com/jeel/default/assets/images/favicon.png]
[templates.hibootstrap.com/jeel/default/index.html]
[templates.hibootstrap.com/jeel/default/assets/images/logo.png]
[templates.hibootstrap.com/jeel/default/index-3.html]
[templates.hibootstrap.com/jeel/default/index-4.html]
[templates.hibootstrap.com/jeel/default/sign-in.html]
[templates.hibootstrap.com/jeel/default/sign-up.html]
[templates.hibootstrap.com/jeel/default/team.html]
[templates.hibootstrap.com/jeel/default/appointment.html]
[templates.hibootstrap.com/jeel/default/gift-card.html]
[templates.hibootstrap.com/jeel/default/pricing.html]
[templates.hibootstrap.com/jeel/default/faq.html]
[templates.hibootstrap.com/jeel/default/404.html]
[templates.hibootstrap.com/jeel/default/privacy-policy.html]
[templates.hibootstrap.com/jeel/default/terms-conditions.html]
[templates.hibootstrap.com/jeel/default/about.html]
[templates.hibootstrap.com/jeel/default/services.html]
[templates.hibootstrap.com/jeel/default/service-details.html]
[templates.hibootstrap.com/jeel/default/blog.html]
[templates.hibootstrap.com/jeel/default/blog-details.html]
[templates.hibootstrap.com/jeel/default/shop.html]
[templates.hibootstrap.com/jeel/default/cart.html]
[templates.hibootstrap.com/jeel/default/checkout.html]
[templates.hibootstrap.com/jeel/default/wishlist.html]
[templates.hibootstrap.com/jeel/default/single-product.html]
[templates.hibootstrap.com/jeel/default/contact.html]
[templates.hibootstrap.com/jeel/default/assets/images/banner/banner-shape6.png]
[templates.hibootstrap.com/jeel/default/assets/images/banner/banner-shape2.png]
[templates.hibootstrap.com/jeel/default/assets/images/banner/banner-shape7.png]
[templates.hibootstrap.com/jeel/default/assets/images/banner/banner-shape8.png]
[templates.hibootstrap.com/jeel/default/assets/images/banner/banner-shape9.png]
[templates.hibootstrap.com/jeel/default/assets/images/banner/banner-shape10.png]
[templates.hibootstrap.com/jeel/default/assets/images/banner/banner-shape11.png]
[templates.hibootstrap.com/jeel/default/assets/images/services/services1.jpg]
[templates.hibootstrap.com/jeel/default/assets/images/services/services2.jpg]
[templates.hibootstrap.com/jeel/default/assets/images/services/services3.jpg]
[templates.hibootstrap.com/jeel/default/assets/images/services/services4.jpg]
[templates.hibootstrap.com/jeel/default/assets/images/know/know-shape3.png]
[templates.hibootstrap.com/jeel/default/assets/images/know/know-shape4.png]
[templates.hibootstrap.com/jeel/default/assets/images/know/know-shape2.png]
[templates.hibootstrap.com/jeel/default/assets/images/know/know-bg1.jpg]
[templates.hibootstrap.com/jeel/default/assets/images/know/know-shape1.png]
[templates.hibootstrap.com/jeel/default/assets/images/know/know-icon1.png]
[templates.hibootstrap.com/jeel/default/assets/images/know/know-icon2.png]
[templates.hibootstrap.com/jeel/default/assets/images/know/know-icon3.png]
[templates.hibootstrap.com/jeel/default/assets/images/skin-shape2.png]
[templates.hibootstrap.com/jeel/default/assets/images/skin-main.jpg]
[templates.hibootstrap.com/jeel/default/assets/images/skin-shape1.png]
[templates.hibootstrap.com/jeel/default/assets/images/get-shape1.png]
[templates.hibootstrap.com/jeel/default/assets/images/get-shape2.png]
[templates.hibootstrap.com/jeel/default/assets/images/team/team1.jpg]
[templates.hibootstrap.com/jeel/default/assets/images/team/team-bg.png]
[templates.hibootstrap.com/jeel/default/assets/images/team/team2.jpg]
[templates.hibootstrap.com/jeel/default/assets/images/team/team3.jpg]
[templates.hibootstrap.com/jeel/default/assets/images/reviews/review-shape3.png]
[templates.hibootstrap.com/jeel/default/assets/images/reviews/review-shape4.png]
[templates.hibootstrap.com/jeel/default/assets/images/reviews/reviews-shape1.png]
[templates.hibootstrap.com/jeel/default/assets/images/reviews/reviews-shape2.png]
[templates.hibootstrap.com/jeel/default/assets/images/reviews/reviews1.jpg]
[templates.hibootstrap.com/jeel/default/assets/images/reviews/reviews2.jpg]
[templates.hibootstrap.com/jeel/default/assets/images/reviews/reviews3.jpg]
[templates.hibootstrap.com/jeel/default/assets/images/reviews/reviews4.jpg]
[templates.hibootstrap.com/jeel/default/assets/images/reviews/reviews5.jpg]
[templates.hibootstrap.com/jeel/default/assets/images/shop/shop-shape1.png]
[templates.hibootstrap.com/jeel/default/assets/images/shop/shop-shape2.png]
[templates.hibootstrap.com/jeel/default/assets/images/shop/shop1.jpg]
[templates.hibootstrap.com/jeel/default/assets/images/shop/shop2.jpg]
[templates.hibootstrap.com/jeel/default/assets/images/shop/shop3.jpg]
[templates.hibootstrap.com/jeel/default/assets/images/video-shape2.png]
[templates.hibootstrap.com/jeel/default/assets/images/blog/blog-shape1.png]
[templates.hibootstrap.com/jeel/default/assets/images/blog/blog4.jpg]
[templates.hibootstrap.com/jeel/default/assets/images/blog/blog-right1.jpg]
[templates.hibootstrap.com/jeel/default/assets/images/blog/blog-right2.jpg]
[templates.hibootstrap.com/jeel/default/assets/images/blog/blog-right3.jpg]
[templates.hibootstrap.com/jeel/default/assets/images/footer-shape1.png]
[templates.hibootstrap.com/jeel/default/assets/images/logo-two.png]
[templates.hibootstrap.com/cdn-cgi/scripts/5c5dd728/cloudflare-static/email-decode.min.js]
[templates.hibootstrap.com/jeel/default/assets/js/jquery.min.js]
[templates.hibootstrap.com/jeel/default/assets/js/bootstrap.bundle.min.js]
[templates.hibootstrap.com/jeel/default/assets/js/form-validator.min.js]
[templates.hibootstrap.com/jeel/default/assets/js/contact-form-script.js]
[templates.hibootstrap.com/jeel/default/assets/js/jquery.ajaxchimp.min.js]
[templates.hibootstrap.com/jeel/default/assets/js/jquery.meanmenu.js]
[templates.hibootstrap.com/jeel/default/assets/js/wow.min.js]
[templates.hibootstrap.com/jeel/default/assets/js/owl.carousel.min.js]
[templates.hibootstrap.com/jeel/default/assets/js/jquery-modal-video.min.js]
[templates.hibootstrap.com/jeel/default/assets/js/odometer.min.js]
[templates.hibootstrap.com/jeel/default/assets/js/jquery.appear.min.js]
[templates.hibootstrap.com/jeel/default/assets/js/jquery.themepunch.tools.min.js]
[templates.hibootstrap.com/jeel/default/assets/js/jquery.themepunch.revolution.min.js]
[templates.hibootstrap.com/jeel/default/assets/js/extensions/revolution.extension.actions.min.js]
[templates.hibootstrap.com/jeel/default/assets/js/extensions/revolution.extension.carousel.min.js]
[templates.hibootstrap.com/jeel/default/assets/js/extensions/revolution.extension.kenburn.min.js]
[templates.hibootstrap.com/jeel/default/assets/js/extensions/revolution.extension.layeranimation.min.js]
[templates.hibootstrap.com/jeel/default/assets/js/extensions/revolution.extension.migration.min.js]
[templates.hibootstrap.com/jeel/default/assets/js/extensions/revolution.extension.navigation.min.js]
[templates.hibootstrap.com/jeel/default/assets/js/extensions/revolution.extension.parallax.min.js]
[templates.hibootstrap.com/jeel/default/assets/js/extensions/revolution.extension.slideanims.min.js]
[templates.hibootstrap.com/jeel/default/assets/js/extensions/revolution.extension.video.min.js]
[templates.hibootstrap.com/jeel/default/assets/js/jquery.nice-select.min.js]
[templates.hibootstrap.com/jeel/default/index-2.html]
[templates.hibootstrap.com/jeel/default/assets/css/bootstrap.min.css]
[templates.hibootstrap.com/jeel/default/assets/js/custom.js]
[templates.hibootstrap.com/jeel/default/assets/fonts/boxicons.woff2]
[templates.hibootstrap.com/jeel/default/assets/fonts/boxicons.eot]
[templates.hibootstrap.com/jeel/default/assets/fonts/boxicons.woff]
[templates.hibootstrap.com/jeel/default/assets/fonts/boxicons.ttf]
[templates.hibootstrap.com/jeel/default/assets/css/boxicons.min.css]
[templates.hibootstrap.com/jeel/default/assets/css/meanmenu.css]
[templates.hibootstrap.com/jeel/default/assets/css/animate.min.css]
[templates.hibootstrap.com/jeel/default/assets/css/owl.video.play.png]
[templates.hibootstrap.com/jeel/default/assets/css/owl.carousel.min.css]
[templates.hibootstrap.com/jeel/default/assets/css/owl.theme.default.min.css]
[templates.hibootstrap.com/jeel/default/assets/css/modal-video.min.css]
[templates.hibootstrap.com/jeel/default/assets/css/odometer.min.css]
[templates.hibootstrap.com/jeel/default/assets/fonts/boxiconsd41d.svg]
[templates.hibootstrap.com/jeel/default/assets/fonts/revicons90c6.eot]
[templates.hibootstrap.com/jeel/default/assets/fonts/revicons90c6.woff]
[templates.hibootstrap.com/jeel/default/assets/fonts/revicons90c6.ttf]
[templates.hibootstrap.com/jeel/default/assets/fonts/revicons90c6.svg]
[templates.hibootstrap.com/jeel/default/assets/css/openhand.cur]
[templates.hibootstrap.com/jeel/default/assets/css/closedhand.cur]
[templates.hibootstrap.com/jeel/default/assets/assets/gridtile.png]
[templates.hibootstrap.com/jeel/default/assets/assets/gridtile_white.png]
[templates.hibootstrap.com/jeel/default/assets/assets/gridtile_3x3.png]
[templates.hibootstrap.com/jeel/default/assets/assets/gridtile_3x3_white.png]
[templates.hibootstrap.com/jeel/default/assets/assets/coloredbg.png]
[templates.hibootstrap.com/jeel/default/assets/css/settings.css]
[templates.hibootstrap.com/jeel/default/assets/css/layers.css]
[templates.hibootstrap.com/jeel/default/assets/css/navigation.css]
[templates.hibootstrap.com/jeel/default/assets/css/nice-select.min.css]
[templates.hibootstrap.com/jeel/default/assets/images/banner/banner-bg6.png]
[templates.hibootstrap.com/jeel/default/assets/images/services/services-bg.jpg]
[templates.hibootstrap.com/jeel/default/assets/images/get-bg.jpg]
[templates.hibootstrap.com/jeel/default/assets/images/video-bg.jpg]
[templates.hibootstrap.com/jeel/default/assets/images/footer-bg.jpg]
[templates.hibootstrap.com/jeel/default/assets/images/banner/banner-bg2.jpg]
[templates.hibootstrap.com/jeel/default/assets/images/banner/banner-bg3.jpg]
[templates.hibootstrap.com/jeel/default/assets/images/banner/banner-bg4.jpg]
[templates.hibootstrap.com/jeel/default/assets/images/banner/banner-bg5.jpg]
[templates.hibootstrap.com/jeel/default/assets/images/services/services-bg2.jpg]
[templates.hibootstrap.com/jeel/default/assets/images/get-bg2.jpg]
[templates.hibootstrap.com/jeel/default/assets/images/title/title1.jpg]
[templates.hibootstrap.com/jeel/default/assets/images/title/title2.jpg]
[templates.hibootstrap.com/jeel/default/assets/images/title/title3.jpg]
[templates.hibootstrap.com/jeel/default/assets/images/title/title4.jpg]
[templates.hibootstrap.com/jeel/default/assets/images/title/title5.jpg]
[templates.hibootstrap.com/jeel/default/assets/images/title/title6.jpg]
[templates.hibootstrap.com/jeel/default/assets/images/title/title7.jpg]
[templates.hibootstrap.com/jeel/default/assets/images/title/title8.jpg]
[templates.hibootstrap.com/jeel/default/assets/images/title/title9.jpg]
[templates.hibootstrap.com/jeel/default/assets/images/title/title10.jpg]
[templates.hibootstrap.com/jeel/default/assets/css/style.css]
[templates.hibootstrap.com/jeel/default/assets/css/responsive.css]
[templates.hibootstrap.com/jeel/default/assets/images/night.png]
[templates.hibootstrap.com/jeel/default/assets/images/sunny.png]
[templates.hibootstrap.com/jeel/default/assets/css/theme-dark.css]
[templates.hibootstrap.com/jeel/default/assets/images/banner/banner-shape1.png]
[templates.hibootstrap.com/jeel/default/assets/images/banner/banner-shape3.png]
[templates.hibootstrap.com/jeel/default/assets/images/banner/banner-shape4.png]
[templates.hibootstrap.com/jeel/default/assets/images/banner/banner-shape5.png]
[templates.hibootstrap.com/jeel/default/assets/images/offer/offer-shape1.png]
[templates.hibootstrap.com/jeel/default/assets/images/offer/offer1.jpg]
[templates.hibootstrap.com/jeel/default/assets/images/offer/offer2.jpg]
[templates.hibootstrap.com/jeel/default/assets/images/offer/offer3.jpg]
[templates.hibootstrap.com/jeel/default/assets/images/offer/offer4.jpg]
[templates.hibootstrap.com/jeel/default/assets/images/offer/offer5.jpg]
[templates.hibootstrap.com/jeel/default/assets/images/best/best-shape1.png]
[templates.hibootstrap.com/jeel/default/assets/images/best/best1.jpg]
[templates.hibootstrap.com/jeel/default/assets/images/best/best-bg.png]
[templates.hibootstrap.com/jeel/default/assets/images/video-shape1.png]
[templates.hibootstrap.com/jeel/default/assets/images/blog/blog1.jpg]
[templates.hibootstrap.com/jeel/default/assets/images/blog/blog2.jpg]
[templates.hibootstrap.com/jeel/default/assets/images/blog/blog3.jpg]
[templates.hibootstrap.com/jeel/default/assets/images/instagram/instagram1.jpg]
[templates.hibootstrap.com/jeel/default/assets/images/instagram/instagram2.jpg]
[templates.hibootstrap.com/jeel/default/assets/images/instagram/instagram3.jpg]
[templates.hibootstrap.com/jeel/default/assets/images/instagram/instagram4.jpg]
[templates.hibootstrap.com/jeel/default/assets/images/instagram/instagram5.jpg]
[templates.hibootstrap.com/jeel/default/assets/images/instagram/instagram6.jpg]
[templates.hibootstrap.com/jeel/default/index.html]
[templates.hibootstrap.com/jeel/default/assets/images/instagram/instagram7.jpg]
[templates.hibootstrap.com/jeel/default/assets/images/banner/banner-shape12.png]
[templates.hibootstrap.com/jeel/default/assets/images/know/know-shape6.png]
[templates.hibootstrap.com/jeel/default/assets/images/know/know-bg2.jpg]
[templates.hibootstrap.com/jeel/default/assets/images/know/know-shape5.png]
[templates.hibootstrap.com/jeel/default/assets/images/know/know-icon4.png]
[templates.hibootstrap.com/jeel/default/assets/images/know/know-icon5.png]
[templates.hibootstrap.com/jeel/default/assets/images/know/know-icon6.png]
[templates.hibootstrap.com/jeel/default/assets/images/services/services-shape1.png]
[templates.hibootstrap.com/jeel/default/assets/images/skin-shape3.png]
[templates.hibootstrap.com/jeel/default/assets/images/skin-main2.jpg]
[templates.hibootstrap.com/jeel/default/assets/images/booking1.jpg]
[templates.hibootstrap.com/jeel/default/assets/images/booking2.jpg]
[templates.hibootstrap.com/jeel/default/assets/images/pricing1.jpg]
[templates.hibootstrap.com/jeel/default/assets/images/pricing-shape1.png]
[templates.hibootstrap.com/jeel/default/assets/images/pricing2.jpg]
[templates.hibootstrap.com/jeel/default/assets/images/counter-shape.png]
[templates.hibootstrap.com/jeel/default/assets/images/video-shape3.png]
[templates.hibootstrap.com/jeel/default/assets/images/footer-shape2.png]
[templates.hibootstrap.com/jeel/default/assets/images/logo-three.png]
[templates.hibootstrap.com/jeel/default/index-3.html]
[templates.hibootstrap.com/jeel/default/index-4.html]
[templates.hibootstrap.com/jeel/default/assets/images/title/title-shape1.png]
[templates.hibootstrap.com/jeel/default/assets/images/contact-shape1.png]
[templates.hibootstrap.com/jeel/default/assets/images/contact-shape2.png]
[templates.hibootstrap.com/jeel/default/sign-in.html]
[templates.hibootstrap.com/jeel/default/sign-up.html]
[templates.hibootstrap.com/jeel/default/assets/images/team/team4.jpg]
[templates.hibootstrap.com/jeel/default/assets/images/team/team5.jpg]
[templates.hibootstrap.com/jeel/default/assets/images/team/team6.jpg]
[templates.hibootstrap.com/jeel/default/assets/images/team/team7.jpg]
[templates.hibootstrap.com/jeel/default/assets/images/team/team8.jpg]
[templates.hibootstrap.com/jeel/default/assets/images/team/team9.jpg]
[templates.hibootstrap.com/jeel/default/team.html]
[templates.hibootstrap.com/jeel/default/appointment.html]
[templates.hibootstrap.com/jeel/default/assets/images/services/services5.jpg]
[templates.hibootstrap.com/jeel/default/assets/images/services/services6.jpg]
[templates.hibootstrap.com/jeel/default/assets/images/services/services7.jpg]
[templates.hibootstrap.com/jeel/default/assets/images/services/services8.jpg]
[templates.hibootstrap.com/jeel/default/gift-card.html]
[templates.hibootstrap.com/jeel/default/assets/images/pricing3.jpg]
[templates.hibootstrap.com/jeel/default/assets/images/pricing4.jpg]
[templates.hibootstrap.com/jeel/default/pricing.html]
[templates.hibootstrap.com/jeel/default/faq.html]
[templates.hibootstrap.com/jeel/default/404.html]
[templates.hibootstrap.com/jeel/default/privacy-policy.html]
[templates.hibootstrap.com/jeel/default/terms-conditions.html]
[templates.hibootstrap.com/jeel/default/about.html]
[templates.hibootstrap.com/jeel/default/services.html]
[templates.hibootstrap.com/jeel/default/assets/images/services/service-details1.jpg]
[templates.hibootstrap.com/jeel/default/assets/images/services/service-details2.jpg]
[templates.hibootstrap.com/jeel/default/assets/images/services/service-details-shape1.png]
[templates.hibootstrap.com/jeel/default/service-details.html]
[templates.hibootstrap.com/jeel/default/assets/images/blog/1.jpg]
[templates.hibootstrap.com/jeel/default/assets/images/blog/2.jpg]
[templates.hibootstrap.com/jeel/default/assets/images/blog/3.jpg]
[templates.hibootstrap.com/jeel/default/assets/images/blog/4.jpg]
[templates.hibootstrap.com/jeel/default/assets/images/blog/5.jpg]
[templates.hibootstrap.com/jeel/default/assets/images/blog/6.jpg]
[templates.hibootstrap.com/jeel/default/assets/images/blog/7.jpg]
[templates.hibootstrap.com/jeel/default/assets/images/blog/8.jpg]
[templates.hibootstrap.com/jeel/default/assets/images/blog/9.jpg]
[templates.hibootstrap.com/jeel/default/blog.html]
[templates.hibootstrap.com/jeel/default/assets/images/blog/blog-details1.jpg]
[templates.hibootstrap.com/jeel/default/assets/images/blog/thumb1.jpg]
[templates.hibootstrap.com/jeel/default/assets/images/blog/thumb2.jpg]
[templates.hibootstrap.com/jeel/default/assets/images/blog/thumb3.jpg]
[templates.hibootstrap.com/jeel/default/assets/images/blog/blog-detail2.jpg]
[templates.hibootstrap.com/jeel/default/assets/images/blog/blog-detail3.jpg]
[templates.hibootstrap.com/jeel/default/assets/images/blog/comment1.jpg]
[templates.hibootstrap.com/jeel/default/assets/images/blog/comment2.jpg]
[templates.hibootstrap.com/jeel/default/blog-details.html]
[templates.hibootstrap.com/jeel/default/assets/images/shop/shop4.jpg]
[templates.hibootstrap.com/jeel/default/assets/images/shop/shop5.jpg]
[templates.hibootstrap.com/jeel/default/assets/images/shop/shop6.jpg]
[templates.hibootstrap.com/jeel/default/assets/images/shop/shop7.jpg]
[templates.hibootstrap.com/jeel/default/assets/images/shop/shop8.jpg]
[templates.hibootstrap.com/jeel/default/assets/images/shop/shop9.jpg]
[templates.hibootstrap.com/jeel/default/shop.html]
[templates.hibootstrap.com/jeel/default/assets/images/shop/cart1.jpg]
[templates.hibootstrap.com/jeel/default/assets/images/shop/cart2.jpg]
[templates.hibootstrap.com/jeel/default/cart.html]
[templates.hibootstrap.com/jeel/default/checkout.html]
[templates.hibootstrap.com/jeel/default/wishlist.html]
[templates.hibootstrap.com/jeel/default/assets/images/shop/comment1.jpg]
[templates.hibootstrap.com/jeel/default/assets/images/shop/comment2.jpg]
[templates.hibootstrap.com/jeel/default/single-product.html]
[templates.hibootstrap.com/jeel/default/contact.html]
[templates.hibootstrap.com/jeel/default/assets/fonts/boxiconsd41d.svg]
[templates.hibootstrap.com/jeel/default/assets/css/owl.video.play.html]
[templates.hibootstrap.com/jeel/default/assets/fonts/revicons90c6.html]
[templates.hibootstrap.com/jeel/default/assets/fonts/revicons90c6-2.html]
[templates.hibootstrap.com/jeel/default/assets/fonts/revicons90c6-3.html]
[templates.hibootstrap.com/jeel/default/assets/fonts/revicons90c6-4.html]
[templates.hibootstrap.com/jeel/default/assets/css/openhand.html]
[templates.hibootstrap.com/jeel/default/assets/css/closedhand.html]
[templates.hibootstrap.com/jeel/default/assets/assets/gridtile.html]
[templates.hibootstrap.com/jeel/default/assets/assets/gridtile_white.html]
[templates.hibootstrap.com/jeel/default/assets/assets/gridtile_3x3.html]
[templates.hibootstrap.com/jeel/default/assets/assets/gridtile_3x3_white.html]
[templates.hibootstrap.com/jeel/default/assets/assets/coloredbg.html]
